// Jest Snapshot v1, https://goo.gl/fbAQLP

exports[`returns result matching snapshots 1`] = `
GeneratorConstructingFailure {
  "code": 11,
  "error": Object {
    "program": Program {
      "getSchema": [Function],
    },
    "settings": undefined,
  },
  "value": undefined,
}
`;
